error: src refspec main does not match any
error: failed to push some refs to 'https://github.com/sazhjigbs/smartorder-pro-ai-v1.7.git'
[2025-10-23 10:22:22] ⚠️ Service smartorder-auto-executor.service inactif — redémarrage
[2025-10-23 10:22:22] ⚠️ Service smartorder-dashboard.service inactif — redémarrage
[2025-10-23 10:22:22] ✅ Sync & Guardian terminé.
[2025-10-23 10:24:52] === 🛡️ Guardian Sync actif ===
[2025-10-23 10:24:52] 🔍 Vérification des services critiques…
[2025-10-23 10:24:52] === 🛡️ Guardian Sync actif ===
[2025-10-23 10:24:52] 🔍 Vérification des services critiques…
[2025-10-23 10:24:52] ✅ Vérification terminée.
[2025-10-23 10:24:52] ⬆️ Synchronisation vers GitHub…
[2025-10-23 10:24:52] ✅ Push vers GitHub terminé.
[2025-10-23 10:24:52] 💤 Pause 30 min avant prochaine vérification.
[2025-10-23 10:27:45] === 🛡️ Guardian Sync actif ===
[2025-10-23 10:27:45] 🔍 Vérification des services critiques…
[2025-10-23 10:27:45] ✅ Vérification terminée.
[2025-10-23 10:27:45] ⬆️ Synchronisation vers GitHub…
[2025-10-23 10:27:45] ✅ Push vers GitHub terminé.
[2025-10-23 10:27:45] 💤 Pause 30 min avant prochaine vérification.
[2025-10-23 10:29:02] === 🛡️ Guardian Sync actif ===
[2025-10-23 10:29:02] 🔍 Vérification des services critiques…
[2025-10-23 10:29:02] ✅ Vérification terminée.
[2025-10-23 10:29:02] ⬆️ Synchronisation vers GitHub…
[2025-10-23 10:29:03] ✅ Push vers GitHub terminé.
[2025-10-23 10:29:03] 💤 Pause 30 min avant prochaine vérification.
[2025-10-23 10:29:56] === 🛡️ Guardian Sync actif ===
[2025-10-23 10:29:56] 🔍 Vérification des services critiques…
[2025-10-23 10:29:56] ✅ Vérification terminée.
[2025-10-23 10:29:56] ⬆️ Synchronisation vers GitHub…
[2025-10-23 10:29:57] ✅ Push vers GitHub terminé.
[2025-10-23 10:29:57] 💤 Pause 30 min avant prochaine vérification.
[2025-10-23 10:31:27] === 🛡️ Guardian Sync actif ===
[2025-10-23 10:31:27] 🔍 Vérification des services critiques…
[2025-10-23 10:31:27] ❌ systemctl is-active smartorder-auto-executor.service → activating
[2025-10-23 10:31:27] ⚠️ Service smartorder-auto-executor.service inactif — redémarrage
[2025-10-23 10:31:27] ❌ systemctl is-active smartorder-dashboard.service → inactive
[2025-10-23 10:31:27] ⚠️ Service smartorder-dashboard.service inactif — redémarrage
[2025-10-23 10:31:27] ❌ systemctl restart smartorder-dashboard.service → Failed to restart smartorder-dashboard.service: Unit smartorder-dashboard.service not found.
[2025-10-23 10:31:27] ✅ Vérification terminée.
[2025-10-23 10:31:27] ⬆️ Synchronisation Git bidirectionnelle…
[2025-10-23 10:31:28] ✅ Sync & Guardian terminé. 💤 Pause 30 min avant prochaine vérification.
[2025-10-23 10:42:19] === 🛡️ Guardian Sync actif ===
[2025-10-23 10:42:19] 🔍 Vérification des services critiques…
[2025-10-23 10:42:19] ❌ systemctl is-active smartorder-auto-executor.service → activating
[2025-10-23 10:42:19] ⚠️ Service smartorder-auto-executor.service inactif — redémarrage
[2025-10-23 10:42:19] ❌ systemctl is-active smartorder-dashboard.service → inactive
[2025-10-23 10:42:19] ⚠️ Service smartorder-dashboard.service inactif — redémarrage
[2025-10-23 10:42:19] ❌ systemctl restart smartorder-dashboard.service → Failed to restart smartorder-dashboard.service: Unit smartorder-dashboard.service not found.
[2025-10-23 10:42:19] ✅ Vérification terminée.
[2025-10-23 10:42:19] ⬆️ Synchronisation Git bidirectionnelle…
[2025-10-23 10:42:20] ✅ Sync & Guardian terminé. 💤 Pause 30 min avant prochaine vérification.
[2025-10-23 11:12:20] === 🛡️ Guardian Sync actif ===
[2025-10-23 11:12:20] 🔍 Vérification des services critiques…
[2025-10-23 11:12:20] ❌ systemctl is-active smartorder-auto-executor.service → activating
[2025-10-23 11:12:20] ⚠️ Service smartorder-auto-executor.service inactif — redémarrage
[2025-10-23 11:12:20] ❌ systemctl is-active smartorder-dashboard.service → inactive
[2025-10-23 11:12:20] ⚠️ Service smartorder-dashboard.service inactif — redémarrage
[2025-10-23 11:12:20] ❌ systemctl restart smartorder-dashboard.service → Failed to restart smartorder-dashboard.service: Unit smartorder-dashboard.service not found.
[2025-10-23 11:12:20] ✅ Vérification terminée.
[2025-10-23 11:12:20] ⬆️ Synchronisation Git bidirectionnelle…
[2025-10-23 11:12:21] ✅ Sync & Guardian terminé. 💤 Pause 30 min avant prochaine vérification.
[2025-10-23 11:42:21] === 🛡️ Guardian Sync actif ===
[2025-10-23 11:42:21] 🔍 Vérification des services critiques…
[2025-10-23 11:42:21] ❌ systemctl is-active smartorder-auto-executor.service → activating
[2025-10-23 11:42:21] ⚠️ Service smartorder-auto-executor.service inactif — redémarrage
[2025-10-23 11:42:21] ❌ systemctl is-active smartorder-dashboard.service → inactive
[2025-10-23 11:42:21] ⚠️ Service smartorder-dashboard.service inactif — redémarrage
[2025-10-23 11:42:21] ❌ systemctl restart smartorder-dashboard.service → Failed to restart smartorder-dashboard.service: Unit smartorder-dashboard.service not found.
[2025-10-23 11:42:21] ✅ Vérification terminée.
[2025-10-23 11:42:21] ⬆️ Synchronisation Git bidirectionnelle…
[2025-10-23 11:42:22] ✅ Sync & Guardian terminé. 💤 Pause 30 min avant prochaine vérification.
[2025-10-23 12:12:23] === 🛡️ Guardian Sync actif ===
[2025-10-23 12:12:23] 🔍 Vérification des services critiques…
[2025-10-23 12:12:23] ❌ systemctl is-active smartorder-auto-executor.service → activating
[2025-10-23 12:12:23] ⚠️ Service smartorder-auto-executor.service inactif — redémarrage
[2025-10-23 12:12:23] ❌ systemctl is-active smartorder-dashboard.service → inactive
[2025-10-23 12:12:23] ⚠️ Service smartorder-dashboard.service inactif — redémarrage
[2025-10-23 12:12:23] ❌ systemctl restart smartorder-dashboard.service → Failed to restart smartorder-dashboard.service: Unit smartorder-dashboard.service not found.
[2025-10-23 12:12:23] ✅ Vérification terminée.
[2025-10-23 12:12:23] ⬆️ Synchronisation Git bidirectionnelle…
[2025-10-23 12:12:24] ✅ Sync & Guardian terminé. 💤 Pause 30 min avant prochaine vérification.
[2025-10-23 12:42:24] === 🛡️ Guardian Sync actif ===
[2025-10-23 12:42:24] 🔍 Vérification des services critiques…
[2025-10-23 12:42:24] ❌ systemctl is-active smartorder-auto-executor.service → activating
[2025-10-23 12:42:24] ⚠️ Service smartorder-auto-executor.service inactif — redémarrage
[2025-10-23 12:42:24] ❌ systemctl is-active smartorder-dashboard.service → activating
[2025-10-23 12:42:24] ⚠️ Service smartorder-dashboard.service inactif — redémarrage
[2025-10-23 12:42:24] ✅ Vérification terminée.
[2025-10-23 12:42:24] ⬆️ Synchronisation Git bidirectionnelle…
[2025-10-23 12:42:26] ✅ Sync & Guardian terminé. 💤 Pause 30 min avant prochaine vérification.
[2025-10-23 13:12:26] === 🛡️ Guardian Sync actif ===
[2025-10-23 13:12:26] 🔍 Vérification des services critiques…
[2025-10-23 13:12:26] ❌ systemctl is-active smartorder-auto-executor.service → activating
[2025-10-23 13:12:26] ⚠️ Service smartorder-auto-executor.service inactif — redémarrage
[2025-10-23 13:12:26] ✅ Vérification terminée.
[2025-10-23 13:12:26] ⬆️ Synchronisation Git bidirectionnelle…
[2025-10-23 13:12:27] ✅ Sync & Guardian terminé. 💤 Pause 30 min avant prochaine vérification.
[2025-10-23 13:42:27] === 🛡️ Guardian Sync actif ===
[2025-10-23 13:42:27] 🔍 Vérification des services critiques…
[2025-10-23 13:42:27] ❌ systemctl is-active smartorder-auto-executor.service → activating
[2025-10-23 13:42:27] ⚠️ Service smartorder-auto-executor.service inactif — redémarrage
[2025-10-23 13:42:27] ✅ Vérification terminée.
[2025-10-23 13:42:27] ⬆️ Synchronisation Git bidirectionnelle…
